// Jest Snapshot v1, https://goo.gl/fbAQLP

exports[`<AccountDeleted /> renders the UI as expected 1`] = `
<div
  className="main"
>
  <div
    className="wrapper"
  >
    <h4>
      Your account has been successfully deleted
    </h4>
  </div>
</div>
`;
