// Jest Snapshot v1, https://goo.gl/fbAQLP

exports[`<GoalDetail /> renders the UI as expected 1`] = `
<div
  className="main"
  role="main"
>
  <div
    className="wrapper"
  >
    <div
      role="alert"
    />
    <div
      className="goalTitle"
    >
      <h1
        className="inProgress overflowEl"
      >
        test
      </h1>
      <div
        className="goalButtons"
      >
        <div
          className="checkContainer"
          onClick={[Function]}
        >
          <i
            className="fas fa-check-circle"
          />
        </div>
        <div
          className="trashContainer"
          onClick={[Function]}
        >
          <i
            className="fas fa-trash"
          />
        </div>
      </div>
    </div>
    <div
      className="formContainer"
    >
      <form
        className="inputForm"
        id="reflectionsForm"
        onSubmit={[Function]}
      >
        <div
          role="alert"
        />
        <div
          className="formField"
        >
          <label
            className="inputLabel"
            htmlFor="reflectionsInput"
            id="addReflectionLabel"
          >
            Reflection
          </label>
          <input
            className="inputField"
            id="reflectionsInput"
            maxLength="55"
            name="reflectionsInput"
            required={true}
          />
          <button
            type="submit"
          >
            <i
              className="fas fa-plus-circle"
              id="reflectionButton"
              type="button"
            />
          </button>
        </div>
      </form>
    </div>
    <ul
      className="listContainer"
    >
      <div
        className="empty"
      >
        <p>
          No reflections yet.
        </p>
        Get started by adding a reflection above!
      </div>
    </ul>
  </div>
</div>
`;
