// Jest Snapshot v1, https://goo.gl/fbAQLP

exports[`<Goal /> renders the UI as expected 1`] = `
<div
  className="goal"
  onClick={[Function]}
>
  <li
    style={
      Object {
        "textDecoration": "none currentcolor solid",
      }
    }
  >
    test
  </li>
</div>
`;
